#! /usr/bin/vvp
:ivl_version "12.0 (stable)";
:ivl_delay_selection "TYPICAL";
:vpi_time_precision + 0;
:vpi_module "/usr/lib/x86_64-linux-gnu/ivl/system.vpi";
:vpi_module "/usr/lib/x86_64-linux-gnu/ivl/vhdl_sys.vpi";
:vpi_module "/usr/lib/x86_64-linux-gnu/ivl/vhdl_textio.vpi";
:vpi_module "/usr/lib/x86_64-linux-gnu/ivl/v2005_math.vpi";
:vpi_module "/usr/lib/x86_64-linux-gnu/ivl/va_math.vpi";
S_0x57e47562f490 .scope module, "ComplimentCode" "ComplimentCode" 2 3;
 .timescale 0 0;
    .port_info 0 /INPUT 8 "A";
    .port_info 1 /INPUT 8 "B";
    .port_info 2 /OUTPUT 8 "Aout";
    .port_info 3 /OUTPUT 8 "Bout";
    .port_info 4 /INPUT 1 "clk1";
P_0x57e47565a980 .param/l "bitNumber" 0 2 4, +C4<00000000000000000000000000001000>;
L_0x57e475684db0 .functor BUFZ 8, v0x57e475684630_0, C4<00000000>, C4<00000000>, C4<00000000>;
L_0x57e475684e40 .functor BUFZ 8, v0x57e4756849b0_0, C4<00000000>, C4<00000000>, C4<00000000>;
o0x765ca5c8a018 .functor BUFZ 8, C4<zzzzzzzz>; HiZ drive
v0x57e475631400_0 .net "A", 7 0, o0x765ca5c8a018;  0 drivers
v0x57e475684490_0 .var "Ainbuf", 7 0;
v0x57e475684570_0 .net "Aout", 7 0, L_0x57e475684db0;  1 drivers
v0x57e475684630_0 .var "Aoutbuf", 7 0;
o0x765ca5c8a0d8 .functor BUFZ 8, C4<zzzzzzzz>; HiZ drive
v0x57e475684710_0 .net "B", 7 0, o0x765ca5c8a0d8;  0 drivers
v0x57e4756847f0_0 .var "Binbuf", 7 0;
v0x57e4756848d0_0 .net "Bout", 7 0, L_0x57e475684e40;  1 drivers
v0x57e4756849b0_0 .var "Boutbuf", 7 0;
v0x57e475684a90_0 .var "Cinbuf", 1 0;
o0x765ca5c8a1c8 .functor BUFZ 1, C4<z>; HiZ drive
v0x57e475684b70_0 .net "clk1", 0 0, o0x765ca5c8a1c8;  0 drivers
v0x57e475684c30_0 .var/i "i", 31 0;
E_0x57e475668e30/0 .event anyedge, v0x57e475631400_0, v0x57e475684710_0, v0x57e475684490_0, v0x57e4756847f0_0;
E_0x57e475668e30/1 .event anyedge, v0x57e475684a90_0, v0x57e475684630_0, v0x57e4756849b0_0;
E_0x57e475668e30 .event/or E_0x57e475668e30/0, E_0x57e475668e30/1;
    .scope S_0x57e47562f490;
T_0 ;
    %wait E_0x57e475668e30;
    %load/vec4 v0x57e475631400_0;
    %store/vec4 v0x57e475684490_0, 0, 8;
    %load/vec4 v0x57e475684710_0;
    %store/vec4 v0x57e4756847f0_0, 0, 8;
    %load/vec4 v0x57e475684490_0;
    %parti/s 1, 7, 4;
    %ix/load 4, 7, 0;
    %flag_set/imm 4, 0;
    %store/vec4 v0x57e475684630_0, 4, 1;
    %load/vec4 v0x57e4756847f0_0;
    %parti/s 1, 7, 4;
    %ix/load 4, 7, 0;
    %flag_set/imm 4, 0;
    %store/vec4 v0x57e4756849b0_0, 4, 1;
    %load/vec4 v0x57e475684490_0;
    %parti/s 1, 7, 4;
    %pushi/vec4 0, 0, 1;
    %xor;
    %ix/load 4, 0, 0;
    %flag_set/imm 4, 0;
    %store/vec4 v0x57e475684a90_0, 4, 1;
    %load/vec4 v0x57e4756847f0_0;
    %parti/s 1, 7, 4;
    %pushi/vec4 0, 0, 1;
    %xor;
    %ix/load 4, 1, 0;
    %flag_set/imm 4, 0;
    %store/vec4 v0x57e475684a90_0, 4, 1;
    %pushi/vec4 0, 0, 32;
    %store/vec4 v0x57e475684c30_0, 0, 32;
T_0.0 ;
    %load/vec4 v0x57e475684c30_0;
    %cmpi/s 7, 0, 32;
    %jmp/0xz T_0.1, 5;
    %load/vec4 v0x57e475684490_0;
    %load/vec4 v0x57e475684c30_0;
    %part/s 1;
    %load/vec4 v0x57e475684a90_0;
    %parti/s 1, 0, 2;
    %xor;
    %ix/getv/s 4, v0x57e475684c30_0;
    %store/vec4 v0x57e475684630_0, 4, 1;
    %load/vec4 v0x57e4756847f0_0;
    %load/vec4 v0x57e475684c30_0;
    %part/s 1;
    %load/vec4 v0x57e475684a90_0;
    %parti/s 1, 1, 2;
    %xor;
    %ix/getv/s 4, v0x57e475684c30_0;
    %store/vec4 v0x57e4756849b0_0, 4, 1;
    %load/vec4 v0x57e475684c30_0;
    %addi 1, 0, 32;
    %store/vec4 v0x57e475684c30_0, 0, 32;
    %jmp T_0.0;
T_0.1 ;
    %pushi/vec4 0, 0, 1;
    %ix/load 4, 0, 0;
    %flag_set/imm 4, 0;
    %store/vec4 v0x57e475684a90_0, 4, 1;
    %pushi/vec4 0, 0, 1;
    %ix/load 4, 1, 0;
    %flag_set/imm 4, 0;
    %store/vec4 v0x57e475684a90_0, 4, 1;
    %pushi/vec4 0, 0, 32;
    %store/vec4 v0x57e475684c30_0, 0, 32;
T_0.2 ;
    %load/vec4 v0x57e475684c30_0;
    %cmpi/s 7, 0, 32;
    %jmp/0xz T_0.3, 5;
    %load/vec4 v0x57e475684630_0;
    %load/vec4 v0x57e475684c30_0;
    %part/s 1;
    %load/vec4 v0x57e475684630_0;
    %parti/s 1, 7, 4;
    %xor;
    %load/vec4 v0x57e475684a90_0;
    %parti/s 1, 0, 2;
    %xor;
    %ix/getv/s 4, v0x57e475684c30_0;
    %store/vec4 v0x57e475684630_0, 4, 1;
    %load/vec4 v0x57e4756849b0_0;
    %load/vec4 v0x57e475684c30_0;
    %part/s 1;
    %load/vec4 v0x57e4756849b0_0;
    %parti/s 1, 7, 4;
    %xor;
    %load/vec4 v0x57e475684a90_0;
    %parti/s 1, 1, 2;
    %xor;
    %ix/getv/s 4, v0x57e475684c30_0;
    %store/vec4 v0x57e4756849b0_0, 4, 1;
    %load/vec4 v0x57e475684630_0;
    %load/vec4 v0x57e475684c30_0;
    %part/s 1;
    %load/vec4 v0x57e475684630_0;
    %parti/s 1, 7, 4;
    %and;
    %load/vec4 v0x57e475684a90_0;
    %parti/s 1, 0, 2;
    %load/vec4 v0x57e475684630_0;
    %load/vec4 v0x57e475684c30_0;
    %part/s 1;
    %load/vec4 v0x57e475684630_0;
    %parti/s 1, 7, 4;
    %xor;
    %and;
    %or;
    %ix/load 4, 0, 0;
    %flag_set/imm 4, 0;
    %store/vec4 v0x57e475684a90_0, 4, 1;
    %load/vec4 v0x57e4756849b0_0;
    %load/vec4 v0x57e475684c30_0;
    %part/s 1;
    %load/vec4 v0x57e4756849b0_0;
    %parti/s 1, 7, 4;
    %and;
    %load/vec4 v0x57e475684a90_0;
    %parti/s 1, 1, 2;
    %load/vec4 v0x57e4756849b0_0;
    %load/vec4 v0x57e475684c30_0;
    %part/s 1;
    %load/vec4 v0x57e4756849b0_0;
    %parti/s 1, 7, 4;
    %xor;
    %and;
    %or;
    %ix/load 4, 1, 0;
    %flag_set/imm 4, 0;
    %store/vec4 v0x57e475684a90_0, 4, 1;
    %load/vec4 v0x57e475684c30_0;
    %addi 1, 0, 32;
    %store/vec4 v0x57e475684c30_0, 0, 32;
    %jmp T_0.2;
T_0.3 ;
    %jmp T_0;
    .thread T_0, $push;
# The file index is used to find the file name in the following table.
:file_names 3;
    "N/A";
    "<interactive>";
    "/home/liang-tong/learn/lang/verilog/test/complement2code.v";
